2025-05-02 09:35:08 INFO  TC001AccountRegistration:22 - ***** Starting TC001_AccountRegistrationTest *****
2025-05-02 09:35:08 INFO  TC001AccountRegistration:27 - Clicked on MyAccount Link
2025-05-02 09:35:09 INFO  TC001AccountRegistration:29 - Clicked on Register Link
2025-05-02 09:35:09 INFO  TC001AccountRegistration:32 - Provinding customer details...
2025-05-02 09:35:10 INFO  TC001AccountRegistration:46 - Validating expected message....
2025-05-02 09:35:10 INFO  TC001AccountRegistration:56 - **** Finished TC001_AccountRegistarionTest ****
2025-05-02 09:36:07 INFO  TC001AccountRegistration:22 - ***** Starting TC001_AccountRegistrationTest *****
2025-05-02 09:36:08 INFO  TC001AccountRegistration:27 - Clicked on MyAccount Link
2025-05-02 09:36:08 INFO  TC001AccountRegistration:29 - Clicked on Register Link
2025-05-02 09:36:08 INFO  TC001AccountRegistration:32 - Provinding customer details...
2025-05-02 09:36:10 INFO  TC001AccountRegistration:46 - Validating expected message....
2025-05-02 09:36:10 INFO  TC001AccountRegistration:56 - **** Finished TC001_AccountRegistarionTest ****
2025-05-02 09:52:19 INFO  TC001AccountRegistration:22 - ***** Starting TC001_AccountRegistrationTest *****
2025-05-02 09:52:19 INFO  TC001AccountRegistration:27 - Clicked on MyAccount Link
2025-05-02 09:52:20 INFO  TC001AccountRegistration:29 - Clicked on Register Link
2025-05-02 09:52:20 INFO  TC001AccountRegistration:32 - Provinding customer details...
2025-05-02 09:52:22 INFO  TC001AccountRegistration:46 - Validating expected message....
2025-05-02 09:52:22 INFO  TC001AccountRegistration:56 - **** Finished TC001_AccountRegistarionTest ****
2025-05-02 09:52:24 INFO  TC001AccountRegistration:22 - ***** Starting TC001_AccountRegistrationTest *****
2025-05-02 09:52:24 INFO  TC001AccountRegistration:27 - Clicked on MyAccount Link
2025-05-02 09:52:25 INFO  TC001AccountRegistration:29 - Clicked on Register Link
2025-05-02 09:52:25 INFO  TC001AccountRegistration:32 - Provinding customer details...
2025-05-02 09:52:27 INFO  TC001AccountRegistration:46 - Validating expected message....
2025-05-02 09:52:27 INFO  TC001AccountRegistration:56 - **** Finished TC001_AccountRegistarionTest ****
2025-05-02 09:52:58 INFO  TC001AccountRegistration:22 - ***** Starting TC001_AccountRegistrationTest *****
2025-05-02 09:52:58 INFO  TC001AccountRegistration:27 - Clicked on MyAccount Link
2025-05-02 09:52:59 INFO  TC001AccountRegistration:29 - Clicked on Register Link
2025-05-02 09:52:59 INFO  TC001AccountRegistration:32 - Provinding customer details...
2025-05-02 09:53:00 INFO  TC001AccountRegistration:46 - Validating expected message....
2025-05-02 09:53:00 INFO  TC001AccountRegistration:56 - **** Finished TC001_AccountRegistarionTest ****
2025-05-02 09:55:06 INFO  TC001AccountRegistration:22 - ***** Starting TC001_AccountRegistrationTest *****
2025-05-02 09:55:07 INFO  TC001AccountRegistration:22 - ***** Starting TC001_AccountRegistrationTest *****
2025-05-02 09:55:07 INFO  TC001AccountRegistration:27 - Clicked on MyAccount Link
2025-05-02 09:55:07 INFO  TC001AccountRegistration:27 - Clicked on MyAccount Link
2025-05-02 09:55:08 INFO  TC001AccountRegistration:29 - Clicked on Register Link
2025-05-02 09:55:08 INFO  TC001AccountRegistration:32 - Provinding customer details...
2025-05-02 09:55:08 INFO  TC001AccountRegistration:29 - Clicked on Register Link
2025-05-02 09:55:08 INFO  TC001AccountRegistration:32 - Provinding customer details...
2025-05-02 09:55:10 INFO  TC001AccountRegistration:22 - ***** Starting TC001_AccountRegistrationTest *****
2025-05-02 09:55:10 INFO  TC001AccountRegistration:27 - Clicked on MyAccount Link
2025-05-02 09:55:11 INFO  TC001AccountRegistration:29 - Clicked on Register Link
2025-05-02 09:55:11 INFO  TC001AccountRegistration:32 - Provinding customer details...
2025-05-02 09:55:11 INFO  TC001AccountRegistration:46 - Validating expected message....
2025-05-02 09:55:11 INFO  TC001AccountRegistration:56 - **** Finished TC001_AccountRegistarionTest ****
2025-05-02 09:55:12 INFO  TC001AccountRegistration:46 - Validating expected message....
2025-05-02 09:55:12 INFO  TC001AccountRegistration:56 - **** Finished TC001_AccountRegistarionTest ****
2025-05-02 09:55:12 INFO  TC001AccountRegistration:46 - Validating expected message....
2025-05-02 09:55:12 INFO  TC001AccountRegistration:56 - **** Finished TC001_AccountRegistarionTest ****
2025-05-02 09:55:55 INFO  TC001AccountRegistration:22 - ***** Starting TC001_AccountRegistrationTest *****
2025-05-02 09:55:55 INFO  TC001AccountRegistration:22 - ***** Starting TC001_AccountRegistrationTest *****
2025-05-02 09:55:55 INFO  TC001AccountRegistration:27 - Clicked on MyAccount Link
2025-05-02 09:55:55 INFO  TC001AccountRegistration:27 - Clicked on MyAccount Link
2025-05-02 09:55:56 INFO  TC001AccountRegistration:29 - Clicked on Register Link
2025-05-02 09:55:56 INFO  TC001AccountRegistration:32 - Provinding customer details...
2025-05-02 09:55:56 INFO  TC001AccountRegistration:29 - Clicked on Register Link
2025-05-02 09:55:56 INFO  TC001AccountRegistration:32 - Provinding customer details...
2025-05-02 09:55:59 INFO  TC001AccountRegistration:46 - Validating expected message....
2025-05-02 09:55:59 INFO  TC001AccountRegistration:56 - **** Finished TC001_AccountRegistarionTest ****
2025-05-02 09:55:59 INFO  TC001AccountRegistration:46 - Validating expected message....
2025-05-02 09:55:59 INFO  TC001AccountRegistration:56 - **** Finished TC001_AccountRegistarionTest ****
2025-05-02 09:56:00 INFO  TC001AccountRegistration:22 - ***** Starting TC001_AccountRegistrationTest *****
2025-05-02 09:56:00 INFO  TC001AccountRegistration:27 - Clicked on MyAccount Link
2025-05-02 09:56:01 INFO  TC001AccountRegistration:29 - Clicked on Register Link
2025-05-02 09:56:01 INFO  TC001AccountRegistration:32 - Provinding customer details...
2025-05-02 09:56:02 INFO  TC001AccountRegistration:46 - Validating expected message....
2025-05-02 09:56:02 INFO  TC001AccountRegistration:56 - **** Finished TC001_AccountRegistarionTest ****
2025-05-02 10:57:52 INFO  TC001AccountRegistration:22 - ***** Starting TC001_AccountRegistrationTest *****
2025-05-02 10:57:52 INFO  TC001AccountRegistration:22 - ***** Starting TC001_AccountRegistrationTest *****
2025-05-02 10:57:52 INFO  TC001AccountRegistration:27 - Clicked on MyAccount Link
2025-05-02 10:57:53 INFO  TC001AccountRegistration:27 - Clicked on MyAccount Link
2025-05-02 10:57:53 INFO  TC001AccountRegistration:29 - Clicked on Register Link
2025-05-02 10:57:53 INFO  TC001AccountRegistration:32 - Provinding customer details...
2025-05-02 10:57:55 INFO  TC001AccountRegistration:29 - Clicked on Register Link
2025-05-02 10:57:55 INFO  TC001AccountRegistration:32 - Provinding customer details...
2025-05-02 10:57:59 INFO  TC001AccountRegistration:46 - Validating expected message....
2025-05-02 10:57:59 INFO  TC001AccountRegistration:56 - **** Finished TC001_AccountRegistarionTest ****
2025-05-02 10:58:01 INFO  TC001AccountRegistration:22 - ***** Starting TC001_AccountRegistrationTest *****
2025-05-02 10:58:02 INFO  TC001AccountRegistration:27 - Clicked on MyAccount Link
2025-05-02 10:58:03 INFO  TC001AccountRegistration:29 - Clicked on Register Link
2025-05-02 10:58:03 INFO  TC001AccountRegistration:32 - Provinding customer details...
2025-05-02 10:58:03 ERROR TC001AccountRegistration:52 - Test failed...
2025-05-02 10:58:05 INFO  TC001AccountRegistration:46 - Validating expected message....
2025-05-02 10:58:05 INFO  TC001AccountRegistration:56 - **** Finished TC001_AccountRegistarionTest ****
2025-05-02 10:59:09 INFO  TC001AccountRegistration:22 - ***** Starting TC001_AccountRegistrationTest *****
2025-05-02 10:59:09 INFO  TC001AccountRegistration:22 - ***** Starting TC001_AccountRegistrationTest *****
2025-05-02 10:59:09 INFO  TC001AccountRegistration:27 - Clicked on MyAccount Link
2025-05-02 10:59:10 INFO  TC001AccountRegistration:27 - Clicked on MyAccount Link
2025-05-02 10:59:10 INFO  TC001AccountRegistration:29 - Clicked on Register Link
2025-05-02 10:59:10 INFO  TC001AccountRegistration:32 - Provinding customer details...
2025-05-02 10:59:11 INFO  TC001AccountRegistration:29 - Clicked on Register Link
2025-05-02 10:59:11 INFO  TC001AccountRegistration:32 - Provinding customer details...
2025-05-02 10:59:13 INFO  TC001AccountRegistration:46 - Validating expected message....
2025-05-02 10:59:13 INFO  TC001AccountRegistration:46 - Validating expected message....
2025-05-02 10:59:13 INFO  TC001AccountRegistration:56 - **** Finished TC001_AccountRegistarionTest ****
2025-05-02 10:59:14 INFO  TC001AccountRegistration:56 - **** Finished TC001_AccountRegistarionTest ****
2025-05-02 10:59:16 INFO  TC001AccountRegistration:22 - ***** Starting TC001_AccountRegistrationTest *****
2025-05-02 10:59:17 INFO  TC001AccountRegistration:27 - Clicked on MyAccount Link
2025-05-02 10:59:17 INFO  TC001AccountRegistration:29 - Clicked on Register Link
2025-05-02 10:59:17 INFO  TC001AccountRegistration:32 - Provinding customer details...
2025-05-02 10:59:19 INFO  TC001AccountRegistration:46 - Validating expected message....
2025-05-02 10:59:19 INFO  TC001AccountRegistration:56 - **** Finished TC001_AccountRegistarionTest ****
